fsl_clock.h:580:20:CLOCK_EnableClock	24	static
fsl_adc16.h:500:24:ADC16_GetChannelConversionValue	16	static
board.c:169:6:hardware_init	16	static
board.c:216:6:NMI_Handler	8	static
board.c:223:6:BOARD_InitAdc	8	static
board.c:235:9:BOARD_GetBatteryLevel	32	static
board.c:249:10:BOARD_GetPotentiometerLevel	16	static
board.c:257:9:BOARD_GetTemperature	48	static
board.c:284:6:BOARD_DCDCInit	8	static
board.c:293:6:BOARD_GetMCUUid	40	static
board.c:319:6:ADC16_CalibrateParams	16	static
board.c:351:24:ADC16_BatLvl	8	static
board.c:363:24:ADC16_BgLvl	8	static
board.c:374:17:ADC16_ReadValue	24	static
board.c:402:13:DCDC_AdjustVbatDiv4	16	static
board.c:408:6:BOARD_InstallLowPowerCallbacks	8	static
board.c:416:6:BOARD_SetPinsLowPower	24	static
board.c:440:6:BOARD_EnterLowPowerCb	8	static
board.c:453:6:BOARD_ExitLowPowerCb	8	static
board.c:465:10:BOARD_GetLpuartClock	24	static
board.c:491:10:BOARD_GetTpmClock	24	static
board.c:517:10:BOARD_GetSpiClock	16	static
board.c:523:10:BOARD_GetI2cClock	24	static
board.c:541:6:BOARD_BLPEtoBLPI	8	static
board.c:545:6:BOARD_BLPItoBLPE	8	static
