OTA.c:855:14:vOtaTimerClickCallback	0	static
OTA.c:301:15:eOTA_OtaOffset	0	static
OTA.c:322:17:eOTA_retOtaUseKey	8	static
OTA.c:218:22:eOTA_Create	72	static
OTA.c:469:22:eOtaFindCluster	32	static
OTA.c:799:22:eOtaSetEventTypeAndGiveCallBack	8	static
OTA.c:830:22:eOtaRegisterTimeServer	8	static
OTA.c:888:22:eOtaTimeUpdate	0	static
OTA.c:1027:22:eOTA_SetServerParams	40	static
OTA.c:1061:22:eOTA_GetServerData	40	static
OTA.c:1095:22:eOTA_SetServerAuthorisation	40	static
OTA.c:1791:22:eOTA_EraseFlashSectorsForNewImage	32	static
OTA.c:1841:22:eOTA_SetWaitForDataParams	48	static
OTA.c:1923:14:vOTA_FlashInit	8	static
OTA.c:1953:27:sOtaGetHeader	96	static
OTA.c:2017:22:eOTA_AllocateEndpointOTASpace	120	static
OTA.c:2094:16:bOtaIsImageValid	0	static
OTA.c:2122:14:vOTA_SetImageValidityFlag	0	static
OTA.c:2289:14:vOTA_GenerateHash	0	static
OTA.c:2457:14:vOtaFlashLockRead	32	static
OTA.c:1133:22:eOTA_NewImageLoaded	208	static
OTA.c:2482:14:vOtaFlashLockWrite	32	static
OTA.c:1258:22:eOTA_FlashWriteNewImageBlock	72	static
OTA.c:1737:22:eOTA_InvalidateStoredImage	48	static
OTA.c:2508:14:vOtaFlashLockErase	24	static
OTA.c:2730:22:eOTA_GetCurrentOtaHeader	120	static
OTA.c:2769:22:eOTA_GetOtaHeader	208	static
OTA.c:2833:13:vOTA_GetTagIdandLengh	16	static
OTA.c:358:21:eOTA_VerifyImage	192	static
OTA.c:2839:13:vOTA_EncodeString	56	static
OTA.c:1393:22:eOTA_ServerSwitchToNewImage	488	static
OTA.c:2530:16:bOtaIsSerializationDataValid	192	static
