appZdpExtraction.c:41:13:zps_bAplZdpUnpackNwkAddressResponse.part.0	24	static
appZdpExtraction.c:41:13:zps_bAplZdpUnpackNwkAddressResponse	8	static
appZdpExtraction.c:117:13:zps_bAplZdpUnpackIeeeAddressResponse	8	static
appZdpExtraction.c:191:13:zps_bAplZdpUnpackNwkUpdateReq	16	static
appZdpExtraction.c:254:13:zps_bAplZdpUnpackEnhancedNwkUpdateReq	24	static
appZdpExtraction.c:339:13:zps_bAplZdpUnpackPermitJoinReq	8	static
appZdpExtraction.c:386:13:zps_bAplZdpUnpackDevicAnnounce	8	static
appZdpExtraction.c:431:13:zps_bAplZdpUnpackNodeDescResponse	16	static
appZdpExtraction.c:495:13:zps_bAplZdpUnpackPowerDescResponse	16	static
appZdpExtraction.c:554:13:zps_bAplZdpUnpackSimpleDescResponse	32	static
appZdpExtraction.c:628:13:zps_bAplZdpUnpackActiveEpResponse	16	static
appZdpExtraction.c:687:13:zps_bAplZdpUnpackMatchDescResponse	16	static
appZdpExtraction.c:1025:13:zps_bAplZdpUnpackDiscStoreResponse	8	static
appZdpExtraction.c:1069:13:zps_bAplZdpUnpackMgmtLeaveResponse	8	static
appZdpExtraction.c:1161:13:zps_bAplZdpUnpackMgmtPermitJoinResponse	8	static
appZdpExtraction.c:1251:13:zps_bAplZdpUnpackBindResponse	8	static
appZdpExtraction.c:1296:13:zps_bAplZdpUnpackUnBindResponse	8	static
appZdpExtraction.c:1477:13:zps_bAplZdpUnpackMgmtLqiResponse	32	static
appZdpExtraction.c:1545:13:zps_bAplZdpUnpackMgmtRtgResponse	32	static
appZdpExtraction.c:1605:13:zps_bAplZdpUnpackNwkUpdateNotifyResponse	24	static
appZdpExtraction.c:1668:13:zps_bAplZdpUnpackNwkUnsolicitedUpdateNotify	16	static
appZdpExtraction.c:1838:13:zps_bAplZdpUnpackUserDescConfirmResponse	8	static
appZdpExtraction.c:1884:13:zps_bAplZdpUnpackSystemServerDiscResponse	8	static
appZdpExtraction.c:2495:13:zps_bAplZdpUnpackMgmtBindResponse	32	static
appZdpExtraction.c:2645:13:zps_bAplZdpUnpackResponse	8	static
