app_zcl_event_handler.c:252:14:APP_ZCL_cbGeneralCallback	0	static
app_zcl_event_handler.c:112:14:psGetDeviceTable	0	static
app_zcl_event_handler.c:166:6:APP_vHandleZclEvents	320	static
app_zcl_event_handler.c:1147:6:vAPP_ZCL_DeviceSpecific_Init	8	static
app_zcl_event_handler.c:1181:14:eApp_ZLO_RegisterEndpoint	8	static
app_zcl_event_handler.c:128:13:APP_ZCL_vInitialise	8	static
app_zcl_event_handler.c:1201:15:APP_u16GetAttributeActualSize	0	static
app_zcl_event_handler.c:1271:15:APP_u16ZncWriteDataPattern	32	static
app_zcl_event_handler.c:1476:13:APP_vBdbCallback	32	static
app_zcl_event_handler.c:1535:15:App_u16BufferReadNBO	40	static
app_zcl_event_handler.c:315:14:APP_ZCL_cbEndpointCallback	408	static
