appZdpExtraction.c:41:13:zps_bAplZdpUnpackNwkAddressResponse	40	static
appZdpExtraction.c:117:13:zps_bAplZdpUnpackIeeeAddressResponse	40	static
appZdpExtraction.c:191:13:zps_bAplZdpUnpackNwkUpdateReq	32	static
appZdpExtraction.c:254:13:zps_bAplZdpUnpackEnhancedNwkUpdateReq	40	static
appZdpExtraction.c:339:13:zps_bAplZdpUnpackPermitJoinReq	32	static
appZdpExtraction.c:386:13:zps_bAplZdpUnpackDevicAnnounce	32	static
appZdpExtraction.c:431:13:zps_bAplZdpUnpackNodeDescResponse	32	static
appZdpExtraction.c:495:13:zps_bAplZdpUnpackPowerDescResponse	32	static
appZdpExtraction.c:554:13:zps_bAplZdpUnpackSimpleDescResponse	48	static
appZdpExtraction.c:628:13:zps_bAplZdpUnpackActiveEpResponse	40	static
appZdpExtraction.c:687:13:zps_bAplZdpUnpackMatchDescResponse	48	static
appZdpExtraction.c:1025:13:zps_bAplZdpUnpackDiscStoreResponse	32	static
appZdpExtraction.c:1069:13:zps_bAplZdpUnpackMgmtLeaveResponse	32	static
appZdpExtraction.c:1161:13:zps_bAplZdpUnpackMgmtPermitJoinResponse	32	static
appZdpExtraction.c:1251:13:zps_bAplZdpUnpackBindResponse	32	static
appZdpExtraction.c:1296:13:zps_bAplZdpUnpackUnBindResponse	32	static
appZdpExtraction.c:1477:13:zps_bAplZdpUnpackMgmtLqiResponse	48	static
appZdpExtraction.c:1545:13:zps_bAplZdpUnpackMgmtRtgResponse	40	static
appZdpExtraction.c:1605:13:zps_bAplZdpUnpackNwkUpdateNotifyResponse	40	static
appZdpExtraction.c:1668:13:zps_bAplZdpUnpackNwkUnsolicitedUpdateNotify	32	static
appZdpExtraction.c:1838:13:zps_bAplZdpUnpackUserDescConfirmResponse	32	static
appZdpExtraction.c:1884:13:zps_bAplZdpUnpackSystemServerDiscResponse	32	static
appZdpExtraction.c:2495:13:zps_bAplZdpUnpackMgmtBindResponse	48	static
appZdpExtraction.c:2645:13:zps_bAplZdpUnpackResponse	32	static
