ColourControlClientCommands.c:78:22:eCLD_ColourControlCommandMoveToHueCommandSend	96	static
ColourControlClientCommands.c:127:22:eCLD_ColourControlCommandMoveToHueCommandReceive	120	static
ColourControlClientCommands.c:170:22:eCLD_ColourControlCommandMoveHueCommandSend	88	static
ColourControlClientCommands.c:218:22:eCLD_ColourControlCommandMoveHueCommandReceive	104	static
ColourControlClientCommands.c:260:22:eCLD_ColourControlCommandStepHueCommandSend	96	static
ColourControlClientCommands.c:309:22:eCLD_ColourControlCommandStepHueCommandReceive	120	static
ColourControlClientCommands.c:352:22:eCLD_ColourControlCommandMoveToSaturationCommandSend	88	static
ColourControlClientCommands.c:400:22:eCLD_ColourControlCommandMoveToSaturationCommandReceive	104	static
ColourControlClientCommands.c:442:22:eCLD_ColourControlCommandMoveSaturationCommandSend	88	static
ColourControlClientCommands.c:490:22:eCLD_ColourControlCommandMoveSaturationCommandReceive	104	static
ColourControlClientCommands.c:532:22:eCLD_ColourControlCommandStepSaturationCommandSend	96	static
ColourControlClientCommands.c:581:22:eCLD_ColourControlCommandStepSaturationCommandReceive	120	static
ColourControlClientCommands.c:624:22:eCLD_ColourControlCommandMoveToHueAndSaturationCommandSend	96	static
ColourControlClientCommands.c:673:22:eCLD_ColourControlCommandMoveToHueAndSaturationCommandReceive	120	static
ColourControlClientCommands.c:715:22:eCLD_ColourControlCommandMoveToColourCommandSend	96	static
ColourControlClientCommands.c:764:22:eCLD_ColourControlCommandMoveToColourCommandReceive	120	static
ColourControlClientCommands.c:807:22:eCLD_ColourControlCommandMoveColourCommandSend	88	static
ColourControlClientCommands.c:855:22:eCLD_ColourControlCommandMoveColourCommandReceive	104	static
ColourControlClientCommands.c:897:22:eCLD_ColourControlCommandStepColourCommandSend	96	static
ColourControlClientCommands.c:946:22:eCLD_ColourControlCommandStepColourCommandReceive	120	static
ColourControlClientCommands.c:988:22:eCLD_ColourControlCommandMoveToColourTemperatureCommandSend	88	static
ColourControlClientCommands.c:1036:22:eCLD_ColourControlCommandMoveToColourTemperatureCommandReceive	104	static
ColourControlClientCommands.c:1077:22:eCLD_ColourControlCommandEnhancedMoveToHueCommandSend	96	static
ColourControlClientCommands.c:1126:22:eCLD_ColourControlCommandEnhancedMoveToHueCommandReceive	120	static
ColourControlClientCommands.c:1169:22:eCLD_ColourControlCommandEnhancedMoveHueCommandSend	88	static
ColourControlClientCommands.c:1217:22:eCLD_ColourControlCommandEnhancedMoveHueCommandReceive	104	static
ColourControlClientCommands.c:1259:22:eCLD_ColourControlCommandEnhancedStepHueCommandSend	96	static
ColourControlClientCommands.c:1308:22:eCLD_ColourControlCommandEnhancedStepHueCommandReceive	120	static
ColourControlClientCommands.c:1350:22:eCLD_ColourControlCommandEnhancedMoveToHueAndSaturationCommandSend	96	static
ColourControlClientCommands.c:1399:22:eCLD_ColourControlCommandEnhancedMoveToHueAndSaturationCommandReceive	120	static
ColourControlClientCommands.c:1442:22:eCLD_ColourControlCommandColourLoopSetCommandSend	112	static
ColourControlClientCommands.c:1538:22:eCLD_ColourControlCommandStopMoveStepCommandSend	72	static
ColourControlClientCommands.c:1626:22:eCLD_ColourControlCommandMoveColourTemperatureCommandSend	104	static
ColourControlClientCommands.c:1678:22:eCLD_ColourControlCommandStepColourTemperatureCommandSend	112	static
ColourControlClientCommands.c:1727:22:eCLD_ColourControlCommandStepColourTemperatureCommandReceive	152	static
ColourControlClientCommands.c:1771:22:eCLD_ColourControlCommandMoveColourTemperatureCommandReceive	136	static
