core_cm0plus.h:745:22:NVIC_EnableIRQ	16	static
core_cm0plus.h:756:22:NVIC_DisableIRQ	16	static
core_cm0plus.h:791:22:NVIC_ClearPendingIRQ	16	static
core_cm0plus.h:804:22:NVIC_SetPriority	24	static
fsl_tsi_v4.h:370:24:TSI_GetStatusFlags	16	static
fsl_tsi_v4.h:404:20:TSI_IsScanInProgress	16	static
fsl_tsi_v4.h:442:20:TSI_EnableModule	16	static
fsl_tsi_v4.h:485:20:TSI_EnableHardwareTriggerScan	16	static
fsl_tsi_v4.h:503:20:TSI_StartSoftwareTrigger	16	static
fsl_tsi_v4.h:515:20:TSI_SetMeasuredChannelNumber	16	static
fsl_tsi_v4.h:528:23:TSI_GetMeasuredChannelNumber	16	static
fsl_tsi_v4.h:584:24:TSI_GetCounter	16	static
Keyboard.c:354:13:KbGpioInit	16	static
Keyboard.c:376:13:KbTsiInit	32	static
Keyboard.c:433:6:KBD_Deinit	16	static
Keyboard.c:470:21:KBD_KeySwitchPortGet	24	static
Keyboard.c:524:15:KBD_KeyCheck	40	static
Keyboard.c:603:13:KeyScan	32	static
Keyboard.c:856:15:Switch_CheckIRQ	32	static
Keyboard.c:885:6:KBD_Init	48	static
Keyboard.c:969:8:KBD_IsWakeUpSource	16	static
Keyboard.c:997:6:KBD_PrepareEnterLowPower	8	static
Keyboard.c:1022:6:KBD_PrepareExitLowPower	16	static
Keyboard.c:1043:6:KBD_SwitchPressedOnWakeUp	8	static
Keyboard.c:1064:6:Switch_Press_ISR	16	static
Keyboard.c:1095:13:TsiSwTriggerCallback	16	static
Keyboard.c:1111:6:KBD_TSI_IrqHandler	16	static
