dlist.c:679:16:psSearchList.part.2	24	static
dlist.c:67:13:vDLISTinitialise	0	static
dlist.c:88:14:psDLISTgetHead	0	static
dlist.c:108:14:psDLISTgetTail	0	static
dlist.c:130:14:psDLISTgetNext	0	static
dlist.c:152:14:psDLISTgetPrevious	0	static
dlist.c:214:13:vDLISTinsertBefore	0	static
dlist.c:260:13:vDLISTinsertAfter	0	static
dlist.c:470:14:psDLISTsearchForward	8	static
dlist.c:498:14:psDLISTsearchBackward	8	static
dlist.c:526:14:psDLISTsearchFromHead	8	static
dlist.c:554:14:psDLISTsearchFromTail	8	static
dlist.c:576:13:boDLISTisEmpty	0	static
dlist.c:174:13:vDLISTaddToHead	16	static
dlist.c:303:13:vDLISTaddToTail	16	static
dlist.c:384:15:psDLISTremoveFromTail	8	static
dlist.c:424:15:psDLISTremoveFromHead	8	static
dlist.c:335:15:psDLISTremove	8	static
dlist.c:596:12:iDLISTnumberOfNodes	0	static
