zcl.c:756:21:eZCL_SearchForEPIndex.part.0	20	static
zcl.c:105:22:eZCL_CreateZCL	32	static
zcl.c:213:21:eZCL_SetCustomCallBackEvent	8	static
zcl.c:363:22:eZCL_Register	56	static
zcl.c:423:14:u8ZCL_GetNumberOfEndpointsRegistered	0	static
zcl.c:756:21:eZCL_SearchForEPIndex	8	static
zcl.c:791:14:u8ZCL_GetEPIdFromIndex	0	static
zcl.c:812:21:eZCL_GetLastZpsError	0	static
zcl.c:832:15:bZCL_GetTimeHasBeenSynchronised	0	static
zcl.c:851:13:vZCL_ClearTimeHasBeenSynchronised	0	static
zcl.c:877:21:eZCL_SetSupportedSecurity	0	static
zcl.c:898:14:u8ZCL_GetApsSequenceNumberOfLastTransmit	0	static
zcl.c:922:22:eZCL_ReportAllAttributes	72	static
zcl.c:1034:22:eZCL_OverrideClusterControlFlags	40	static
zcl.c:1078:15:u8ZCL_GetClusterControlFlags	32	static
zcl.c:1121:22:eZCL_SetAPSACKClusterControlFlagsBit	40	static
zcl.c:1172:13:vReverseMemcpy	8	static
zcl.c:1198:13:vZCL_InitializeClusterInstance	0	static
zcl.c:1229:13:vZCL_DisableAPSACK	0	static
zcl.c:1254:21:eZCL_ReportAttribute	72	static
