zcl.c:105:22:eZCL_CreateZCL	32	static
zcl.c:213:21:eZCL_SetCustomCallBackEvent	24	static
zcl.c:363:22:eZCL_Register	32	static
zcl.c:423:14:u8ZCL_GetNumberOfEndpointsRegistered	16	static
zcl.c:455:23:eZCL_CreateEndpointList	32	static
zcl.c:493:23:eZCL_CheckEPstructureIntegrity	16	static
zcl.c:534:23:eZCL_CheckClusterStructureIntegrity	48	static
zcl.c:709:23:eZCL_CheckAttributeStructureIntegrity	32	static
zcl.c:756:21:eZCL_SearchForEPIndex	24	static
zcl.c:791:14:u8ZCL_GetEPIdFromIndex	16	static
zcl.c:812:21:eZCL_GetLastZpsError	8	static
zcl.c:832:15:bZCL_GetTimeHasBeenSynchronised	8	static
zcl.c:851:13:vZCL_ClearTimeHasBeenSynchronised	8	static
zcl.c:877:21:eZCL_SetSupportedSecurity	16	static
zcl.c:898:14:u8ZCL_GetApsSequenceNumberOfLastTransmit	8	static
zcl.c:922:22:eZCL_ReportAllAttributes	72	static
zcl.c:1034:22:eZCL_OverrideClusterControlFlags	56	static
zcl.c:1078:15:u8ZCL_GetClusterControlFlags	56	static
zcl.c:1121:22:eZCL_SetAPSACKClusterControlFlagsBit	56	static
zcl.c:1172:13:vReverseMemcpy	32	static
zcl.c:1198:13:vZCL_InitializeClusterInstance	24	static
zcl.c:1229:13:vZCL_DisableAPSACK	16	static
zcl.c:1254:21:eZCL_ReportAttribute	72	static
