ColourControlClientCommands.c:78:22:eCLD_ColourControlCommandMoveToHueCommandSend	112	static
ColourControlClientCommands.c:127:22:eCLD_ColourControlCommandMoveToHueCommandReceive	128	static
ColourControlClientCommands.c:170:22:eCLD_ColourControlCommandMoveHueCommandSend	104	static
ColourControlClientCommands.c:218:22:eCLD_ColourControlCommandMoveHueCommandReceive	112	static
ColourControlClientCommands.c:260:22:eCLD_ColourControlCommandStepHueCommandSend	112	static
ColourControlClientCommands.c:309:22:eCLD_ColourControlCommandStepHueCommandReceive	128	static
ColourControlClientCommands.c:352:22:eCLD_ColourControlCommandMoveToSaturationCommandSend	104	static
ColourControlClientCommands.c:400:22:eCLD_ColourControlCommandMoveToSaturationCommandReceive	112	static
ColourControlClientCommands.c:442:22:eCLD_ColourControlCommandMoveSaturationCommandSend	104	static
ColourControlClientCommands.c:490:22:eCLD_ColourControlCommandMoveSaturationCommandReceive	112	static
ColourControlClientCommands.c:532:22:eCLD_ColourControlCommandStepSaturationCommandSend	112	static
ColourControlClientCommands.c:581:22:eCLD_ColourControlCommandStepSaturationCommandReceive	128	static
ColourControlClientCommands.c:624:22:eCLD_ColourControlCommandMoveToHueAndSaturationCommandSend	112	static
ColourControlClientCommands.c:673:22:eCLD_ColourControlCommandMoveToHueAndSaturationCommandReceive	128	static
ColourControlClientCommands.c:715:22:eCLD_ColourControlCommandMoveToColourCommandSend	112	static
ColourControlClientCommands.c:764:22:eCLD_ColourControlCommandMoveToColourCommandReceive	128	static
ColourControlClientCommands.c:807:22:eCLD_ColourControlCommandMoveColourCommandSend	104	static
ColourControlClientCommands.c:855:22:eCLD_ColourControlCommandMoveColourCommandReceive	112	static
ColourControlClientCommands.c:897:22:eCLD_ColourControlCommandStepColourCommandSend	112	static
ColourControlClientCommands.c:946:22:eCLD_ColourControlCommandStepColourCommandReceive	128	static
ColourControlClientCommands.c:988:22:eCLD_ColourControlCommandMoveToColourTemperatureCommandSend	104	static
ColourControlClientCommands.c:1036:22:eCLD_ColourControlCommandMoveToColourTemperatureCommandReceive	112	static
ColourControlClientCommands.c:1077:22:eCLD_ColourControlCommandEnhancedMoveToHueCommandSend	112	static
ColourControlClientCommands.c:1126:22:eCLD_ColourControlCommandEnhancedMoveToHueCommandReceive	128	static
ColourControlClientCommands.c:1169:22:eCLD_ColourControlCommandEnhancedMoveHueCommandSend	104	static
ColourControlClientCommands.c:1217:22:eCLD_ColourControlCommandEnhancedMoveHueCommandReceive	112	static
ColourControlClientCommands.c:1259:22:eCLD_ColourControlCommandEnhancedStepHueCommandSend	112	static
ColourControlClientCommands.c:1308:22:eCLD_ColourControlCommandEnhancedStepHueCommandReceive	128	static
ColourControlClientCommands.c:1350:22:eCLD_ColourControlCommandEnhancedMoveToHueAndSaturationCommandSend	112	static
ColourControlClientCommands.c:1399:22:eCLD_ColourControlCommandEnhancedMoveToHueAndSaturationCommandReceive	128	static
ColourControlClientCommands.c:1442:22:eCLD_ColourControlCommandColourLoopSetCommandSend	128	static
ColourControlClientCommands.c:1538:22:eCLD_ColourControlCommandStopMoveStepCommandSend	88	static
ColourControlClientCommands.c:1626:22:eCLD_ColourControlCommandMoveColourTemperatureCommandSend	120	static
ColourControlClientCommands.c:1678:22:eCLD_ColourControlCommandStepColourTemperatureCommandSend	128	static
ColourControlClientCommands.c:1727:22:eCLD_ColourControlCommandStepColourTemperatureCommandReceive	160	static
ColourControlClientCommands.c:1771:22:eCLD_ColourControlCommandMoveColourTemperatureCommandReceive	144	static
