16:38:32 **** Incremental Build of configuration Debug for project black_box_wireless_examples_zigbee_3_0_zb_fsci_black_box_freertos ****
make -r -j12 all 
Building file: ../startup/startup_MKW41Z4.S
Invoking: MCU Assembler
arm-none-eabi-gcc -c -x assembler-with-cpp -D__REDLIB__ -I"D:\RSEO\ZIGBEE\Practica 3\black_box_wireless_examples_zigbee_3_0_zb_fsci_black_box_freertos\board" -I"D:\RSEO\ZIGBEE\Practica 3\black_box_wireless_examples_zigbee_3_0_zb_fsci_black_box_freertos\source" -I"D:\RSEO\ZIGBEE\Practica 3\black_box_wireless_examples_zigbee_3_0_zb_fsci_black_box_freertos" -I"D:\RSEO\ZIGBEE\Practica 3\black_box_wireless_examples_zigbee_3_0_zb_fsci_black_box_freertos\framework\OSAbstraction\Interface" -I"D:\RSEO\ZIGBEE\Practica 3\black_box_wireless_examples_zigbee_3_0_zb_fsci_black_box_freertos\framework\common" -I"D:\RSEO\ZIGBEE\Practica 3\black_box_wireless_examples_zigbee_3_0_zb_fsci_black_box_freertos\freertos" -I"D:\RSEO\ZIGBEE\Practica 3\black_box_wireless_examples_zigbee_3_0_zb_fsci_black_box_freertos\ieee_802.15.4\mac\source\App" -I"D:\RSEO\ZIGBEE\Practica 3\black_box_wireless_examples_zigbee_3_0_zb_fsci_black_box_freertos\ieee_802.15.4\mac\interface" -I"D:\RSEO\ZIGBEE\Practica 3\black_box_wireless_examples_zigbee_3_0_zb_fsci_black_box_freertos\ieee_802.15.4\phy\interface" -I"D:\RSEO\ZIGBEE\Practica 3\black_box_wireless_examples_zigbee_3_0_zb_fsci_black_box_freertos\framework\GPIO" -I"D:\RSEO\ZIGBEE\Practica 3\black_box_wireless_examples_zigbee_3_0_zb_fsci_black_box_freertos\framework\Keyboard\Interface" -I"D:\RSEO\ZIGBEE\Practica 3\black_box_wireless_examples_zigbee_3_0_zb_fsci_black_box_freertos\framework\TimersManager\Interface" -I"D:\RSEO\ZIGBEE\Practica 3\black_box_wireless_examples_zigbee_3_0_zb_fsci_black_box_freertos\framework\TimersManager\Source" -I"D:\RSEO\ZIGBEE\Practica 3\black_box_wireless_examples_zigbee_3_0_zb_fsci_black_box_freertos\framework\LED\Interface" -I"D:\RSEO\ZIGBEE\Practica 3\black_box_wireless_examples_zigbee_3_0_zb_fsci_black_box_freertos\framework\SerialManager\Source\SPI_Adapter" -I"D:\RSEO\ZIGBEE\Practica 3\black_box_wireless_examples_zigbee_3_0_zb_fsci_black_box_freertos\framework\SerialManager\Source\UART_Adapter" -I"D:\RSEO\ZIGBEE\Practica 3\black_box_wireless_examples_zigbee_3_0_zb_fsci_black_box_freertos\framework\SerialManager\Source\I2C_Adapter" -I"D:\RSEO\ZIGBEE\Practica 3\black_box_wireless_examples_zigbee_3_0_zb_fsci_black_box_freertos\framework\Flash\Internal" -I"D:\RSEO\ZIGBEE\Practica 3\black_box_wireless_examples_zigbee_3_0_zb_fsci_black_box_freertos\framework\Flash\External\Interface" -I"D:\RSEO\ZIGBEE\Practica 3\black_box_wireless_examples_zigbee_3_0_zb_fsci_black_box_freertos\framework\OtaSupport\Interface" -I"D:\RSEO\ZIGBEE\Practica 3\black_box_wireless_examples_zigbee_3_0_zb_fsci_black_box_freertos\framework\MemManager\Interface" -I"D:\RSEO\ZIGBEE\Practica 3\black_box_wireless_examples_zigbee_3_0_zb_fsci_black_box_freertos\framework\Lists" -I"D:\RSEO\ZIGBEE\Practica 3\black_box_wireless_examples_zigbee_3_0_zb_fsci_black_box_freertos\framework\Messaging\Interface" -I"D:\RSEO\ZIGBEE\Practica 3\black_box_wireless_examples_zigbee_3_0_zb_fsci_black_box_freertos\framework\Panic\Interface" -I"D:\RSEO\ZIGBEE\Practica 3\black_box_wireless_examples_zigbee_3_0_zb_fsci_black_box_freertos\framework\RNG\Interface" -I"D:\RSEO\ZIGBEE\Practica 3\black_box_wireless_examples_zigbee_3_0_zb_fsci_black_box_freertos\framework\SerialManager\Interface" -I"D:\RSEO\ZIGBEE\Practica 3\black_box_wireless_examples_zigbee_3_0_zb_fsci_black_box_freertos\framework\ModuleInfo" -I"D:\RSEO\ZIGBEE\Practica 3\black_box_wireless_examples_zigbee_3_0_zb_fsci_black_box_freertos\framework\FunctionLib" -I"D:\RSEO\ZIGBEE\Practica 3\black_box_wireless_examples_zigbee_3_0_zb_fsci_black_box_freertos\framework\SecLib" -I"D:\RSEO\ZIGBEE\Practica 3\black_box_wireless_examples_zigbee_3_0_zb_fsci_black_box_freertos\framework\MWSCoexistence\Interface" -I"D:\RSEO\ZIGBEE\Practica 3\black_box_wireless_examples_zigbee_3_0_zb_fsci_black_box_freertos\framework\NVM\Interface" -I"D:\RSEO\ZIGBEE\Practica 3\black_box_wireless_examples_zigbee_3_0_zb_fsci_black_box_freertos\framework\NVM\Source" -I"D:\RSEO\ZIGBEE\Practica 3\black_box_wireless_examples_zigbee_3_0_zb_fsci_black_box_freertos\framework\LowPower\Interface\MKW41Z" -I"D:\RSEO\ZIGBEE\Practica 3\black_box_wireless_examples_zigbee_3_0_zb_fsci_black_box_freertos\framework\LowPower\Source\MKW41Z" -I"D:\RSEO\ZIGBEE\Practica 3\black_box_wireless_examples_zigbee_3_0_zb_fsci_black_box_freertos\zigbee_3_0\core\zigbee_common\include" -I"D:\RSEO\ZIGBEE\Practica 3\black_box_wireless_examples_zigbee_3_0_zb_fsci_black_box_freertos\zigbee_3_0\core\ZPSMAC\include" -I"D:\RSEO\ZIGBEE\Practica 3\black_box_wireless_examples_zigbee_3_0_zb_fsci_black_box_freertos\zigbee_3_0\core\ZPSAPL\include" -I"D:\RSEO\ZIGBEE\Practica 3\black_box_wireless_examples_zigbee_3_0_zb_fsci_black_box_freertos\zigbee_3_0\core\ZPSNWK\include" -I"D:\RSEO\ZIGBEE\Practica 3\black_box_wireless_examples_zigbee_3_0_zb_fsci_black_box_freertos\zigbee_3_0\core\ZPSTSV\include" -I"D:\RSEO\ZIGBEE\Practica 3\black_box_wireless_examples_zigbee_3_0_zb_fsci_black_box_freertos\zigbee_3_0\core\include" -I"D:\RSEO\ZIGBEE\Practica 3\black_box_wireless_examples_zigbee_3_0_zb_fsci_black_box_freertos\zigbee_3_0\core\bdb\common" -I"D:\RSEO\ZIGBEE\Practica 3\black_box_wireless_examples_zigbee_3_0_zb_fsci_black_box_freertos\zigbee_3_0\core\bdb\find_and_bind" -I"D:\RSEO\ZIGBEE\Practica 3\black_box_wireless_examples_zigbee_3_0_zb_fsci_black_box_freertos\zigbee_3_0\core\bdb\nwk_formation" -I"D:\RSEO\ZIGBEE\Practica 3\black_box_wireless_examples_zigbee_3_0_zb_fsci_black_box_freertos\zigbee_3_0\core\bdb\nwk_steering" -I"D:\RSEO\ZIGBEE\Practica 3\black_box_wireless_examples_zigbee_3_0_zb_fsci_black_box_freertos\zigbee_3_0\core\bdb\out_of_band" -I"D:\RSEO\ZIGBEE\Practica 3\black_box_wireless_examples_zigbee_3_0_zb_fsci_black_box_freertos\zigbee_3_0\core\bdb\touch_link" -I"D:\RSEO\ZIGBEE\Practica 3\black_box_wireless_examples_zigbee_3_0_zb_fsci_black_box_freertos\zigbee_3_0\core\zcif\Include" -I"D:\RSEO\ZIGBEE\Practica 3\black_box_wireless_examples_zigbee_3_0_zb_fsci_black_box_freertos\zigbee_3_0\core\zcif\source" -I"D:\RSEO\ZIGBEE\Practica 3\black_box_wireless_examples_zigbee_3_0_zb_fsci_black_box_freertos\zigbee_3_0\core\zcl\clusters\ApplianceManagement\Include" -I"D:\RSEO\ZIGBEE\Practica 3\black_box_wireless_examples_zigbee_3_0_zb_fsci_black_box_freertos\zigbee_3_0\core\zcl\clusters\ApplianceManagement\Source" -I"D:\RSEO\ZIGBEE\Practica 3\black_box_wireless_examples_zigbee_3_0_zb_fsci_black_box_freertos\zigbee_3_0\core\zcl\clusters\Closures\Include" -I"D:\RSEO\ZIGBEE\Practica 3\black_box_wireless_examples_zigbee_3_0_zb_fsci_black_box_freertos\zigbee_3_0\core\zcl\clusters\Closures\Source" -I"D:\RSEO\ZIGBEE\Practica 3\black_box_wireless_examples_zigbee_3_0_zb_fsci_black_box_freertos\zigbee_3_0\core\zcl\clusters\Commissioning\Include" -I"D:\RSEO\ZIGBEE\Practica 3\black_box_wireless_examples_zigbee_3_0_zb_fsci_black_box_freertos\zigbee_3_0\core\zcl\clusters\Commissioning\Source" -I"D:\RSEO\ZIGBEE\Practica 3\black_box_wireless_examples_zigbee_3_0_zb_fsci_black_box_freertos\zigbee_3_0\core\zcl\clusters\General\Include" -I"D:\RSEO\ZIGBEE\Practica 3\black_box_wireless_examples_zigbee_3_0_zb_fsci_black_box_freertos\zigbee_3_0\core\zcl\clusters\General\Source" -I"D:\RSEO\ZIGBEE\Practica 3\black_box_wireless_examples_zigbee_3_0_zb_fsci_black_box_freertos\zigbee_3_0\core\zcl\clusters\GreenPower\Include" -I"D:\RSEO\ZIGBEE\Practica 3\black_box_wireless_examples_zigbee_3_0_zb_fsci_black_box_freertos\zigbee_3_0\core\zcl\clusters\GreenPower\Source" -I"D:\RSEO\ZIGBEE\Practica 3\black_box_wireless_examples_zigbee_3_0_zb_fsci_black_box_freertos\zigbee_3_0\core\zcl\clusters\HVAC\Include" -I"D:\RSEO\ZIGBEE\Practica 3\black_box_wireless_examples_zigbee_3_0_zb_fsci_black_box_freertos\zigbee_3_0\core\zcl\clusters\HVAC\Source" -I"D:\RSEO\ZIGBEE\Practica 3\black_box_wireless_examples_zigbee_3_0_zb_fsci_black_box_freertos\zigbee_3_0\core\zcl\clusters\Lighting\Include" -I"D:\RSEO\ZIGBEE\Practica 3\black_box_wireless_examples_zigbee_3_0_zb_fsci_black_box_freertos\zigbee_3_0\core\zcl\clusters\Lighting\Source" -I"D:\RSEO\ZIGBEE\Practica 3\black_box_wireless_examples_zigbee_3_0_zb_fsci_black_box_freertos\zigbee_3_0\core\zcl\clusters\MeasurementAndSensing\Include" -I"D:\RSEO\ZIGBEE\Practica 3\black_box_wireless_examples_zigbee_3_0_zb_fsci_black_box_freertos\zigbee_3_0\core\zcl\clusters\OTA\Include" -I"D:\RSEO\ZIGBEE\Practica 3\black_box_wireless_examples_zigbee_3_0_zb_fsci_black_box_freertos\zigbee_3_0\core\zcl\clusters\OTA\Source" -I"D:\RSEO\ZIGBEE\Practica 3\black_box_wireless_examples_zigbee_3_0_zb_fsci_black_box_freertos\zigbee_3_0\core\zcl\clusters\SecurityAndSafety\Include" -I"D:\RSEO\ZIGBEE\Practica 3\black_box_wireless_examples_zigbee_3_0_zb_fsci_black_box_freertos\zigbee_3_0\core\zcl\clusters\SecurityAndSafety\Source" -I"D:\RSEO\ZIGBEE\Practica 3\black_box_wireless_examples_zigbee_3_0_zb_fsci_black_box_freertos\zigbee_3_0\core\zcl\clusters\SmartEnergy\Include" -I"D:\RSEO\ZIGBEE\Practica 3\black_box_wireless_examples_zigbee_3_0_zb_fsci_black_box_freertos\zigbee_3_0\core\zcl\clusters\SmartEnergy\Source" -I"D:\RSEO\ZIGBEE\Practica 3\black_box_wireless_examples_zigbee_3_0_zb_fsci_black_box_freertos\zigbee_3_0\core\zcl\devices\ZGP\Include" -I"D:\RSEO\ZIGBEE\Practica 3\black_box_wireless_examples_zigbee_3_0_zb_fsci_black_box_freertos\zigbee_3_0\core\zcl\devices\ZHA\ApplianceManagement\Include" -I"D:\RSEO\ZIGBEE\Practica 3\black_box_wireless_examples_zigbee_3_0_zb_fsci_black_box_freertos\zigbee_3_0\core\zcl\devices\ZHA\Closures\Include" -I"D:\RSEO\ZIGBEE\Practica 3\black_box_wireless_examples_zigbee_3_0_zb_fsci_black_box_freertos\zigbee_3_0\core\zcl\devices\ZHA\Generic\Include" -I"D:\RSEO\ZIGBEE\Practica 3\black_box_wireless_examples_zigbee_3_0_zb_fsci_black_box_freertos\zigbee_3_0\core\zcl\devices\ZHA\HVAC\Include" -I"D:\RSEO\ZIGBEE\Practica 3\black_box_wireless_examples_zigbee_3_0_zb_fsci_black_box_freertos\zigbee_3_0\core\zcl\devices\ZHA\SecurityAndSafety\Include" -I"D:\RSEO\ZIGBEE\Practica 3\black_box_wireless_examples_zigbee_3_0_zb_fsci_black_box_freertos\zigbee_3_0\core\zcl\devices\ZHA\SmartEnergy\Include" -I"D:\RSEO\ZIGBEE\Practica 3\black_box_wireless_examples_zigbee_3_0_zb_fsci_black_box_freertos\zigbee_3_0\core\zcl\devices\ZLO\Include" -I"D:\RSEO\ZIGBEE\Practica 3\black_box_wireless_examples_zigbee_3_0_zb_fsci_black_box_freertos\zigbee_3_0\base\include" -I"D:\RSEO\ZIGBEE\Practica 3\black_box_wireless_examples_zigbee_3_0_zb_fsci_black_box_freertos\zigbee_3_0\base\pdm\include" -I"D:\RSEO\ZIGBEE\Practica 3\black_box_wireless_examples_zigbee_3_0_zb_fsci_black_box_freertos\framework\FSCI\Interface" -I"D:\RSEO\ZIGBEE\Practica 3\black_box_wireless_examples_zigbee_3_0_zb_fsci_black_box_freertos\framework\FSCI\Source" -I"D:\RSEO\ZIGBEE\Practica 3\black_box_wireless_examples_zigbee_3_0_zb_fsci_black_box_freertos\drivers" -I"D:\RSEO\ZIGBEE\Practica 3\black_box_wireless_examples_zigbee_3_0_zb_fsci_black_box_freertos\CMSIS" -I"D:\RSEO\ZIGBEE\Practica 3\black_box_wireless_examples_zigbee_3_0_zb_fsci_black_box_freertos\utilities" -I"D:\RSEO\ZIGBEE\Practica 3\black_box_wireless_examples_zigbee_3_0_zb_fsci_black_box_freertos\framework\DCDC\Interface" -I"D:\RSEO\ZIGBEE\Practica 3\black_box_wireless_examples_zigbee_3_0_zb_fsci_black_box_freertos\framework\XCVR\MKW41Z4" -I"D:\RSEO\ZIGBEE\Practica 3\black_box_wireless_examples_zigbee_3_0_zb_fsci_black_box_freertos\ieee_802.15.4\phy\source\MKW41Z" -I"D:\RSEO\ZIGBEE\Practica 3\black_box_wireless_examples_zigbee_3_0_zb_fsci_black_box_freertos\source\common" -g3 -mcpu=cortex-m0plus -mthumb -D__REDLIB__ -specs=redlib.specs -o "startup/startup_MKW41Z4.o" "../startup/startup_MKW41Z4.S"
Finished building: ../startup/startup_MKW41Z4.S
 
Building target: black_box_wireless_examples_zigbee_3_0_zb_fsci_black_box_freertos.axf
Invoking: MCU Linker
arm-none-eabi-gcc -L"D:\RSEO\ZIGBEE\Practica 3\black_box_wireless_examples_zigbee_3_0_zb_fsci_black_box_freertos\libs" -Xlinker -Map="black_box_wireless_examples_zigbee_3_0_zb_fsci_black_box_freertos.map" -Xlinker --gc-sections -Xlinker -print-memory-usage -Xlinker --sort-section=alignment -Xlinker --cref -mcpu=cortex-m0plus -mthumb -T MKW41Z512xxx4_connectivity.ld -L ../source -o "black_box_wireless_examples_zigbee_3_0_zb_fsci_black_box_freertos.axf"  ./zigbee_3_0/core/zigbee_common/source/ZQueue.o ./zigbee_3_0/core/zigbee_common/source/ZTimer.o ./zigbee_3_0/core/zigbee_common/source/appZdpExtraction.o ./zigbee_3_0/core/zigbee_common/source/appZpsBeaconHandler.o ./zigbee_3_0/core/zigbee_common/source/appZpsExtendedDebug.o ./zigbee_3_0/core/zigbee_common/source/app_zps_link_keys.o ./zigbee_3_0/core/zigbee_common/source/pdum_globals.o ./zigbee_3_0/core/zigbee_common/source/pwrm_shim.o ./zigbee_3_0/core/zigbee_common/source/timer_server_shim.o ./zigbee_3_0/core/zigbee_common/source/zps_globals.o ./zigbee_3_0/core/zigbee_common/source/zps_mutex_shim.o  ./zigbee_3_0/core/zcl/devices/ZLO/Source/colour_controller.o ./zigbee_3_0/core/zcl/devices/ZLO/Source/colour_dimmable_light.o ./zigbee_3_0/core/zcl/devices/ZLO/Source/colour_dimmer_switch.o ./zigbee_3_0/core/zcl/devices/ZLO/Source/colour_scene_controller.o ./zigbee_3_0/core/zcl/devices/ZLO/Source/colour_temperature_light.o ./zigbee_3_0/core/zcl/devices/ZLO/Source/commission_endpoint.o ./zigbee_3_0/core/zcl/devices/ZLO/Source/control_bridge.o ./zigbee_3_0/core/zcl/devices/ZLO/Source/dimmable_ballast.o ./zigbee_3_0/core/zcl/devices/ZLO/Source/dimmable_light.o ./zigbee_3_0/core/zcl/devices/ZLO/Source/dimmable_plug.o ./zigbee_3_0/core/zcl/devices/ZLO/Source/dimmer_switch.o ./zigbee_3_0/core/zcl/devices/ZLO/Source/extended_colour_light.o ./zigbee_3_0/core/zcl/devices/ZLO/Source/light_level_sensor.o ./zigbee_3_0/core/zcl/devices/ZLO/Source/light_sensor.o ./zigbee_3_0/core/zcl/devices/ZLO/Source/non_colour_controller.o ./zigbee_3_0/core/zcl/devices/ZLO/Source/non_colour_scene_controller.o ./zigbee_3_0/core/zcl/devices/ZLO/Source/occupancy_sensor.o ./zigbee_3_0/core/zcl/devices/ZLO/Source/on_off_ballast.o ./zigbee_3_0/core/zcl/devices/ZLO/Source/on_off_light.o ./zigbee_3_0/core/zcl/devices/ZLO/Source/on_off_light_switch.o ./zigbee_3_0/core/zcl/devices/ZLO/Source/on_off_plug.o ./zigbee_3_0/core/zcl/devices/ZLO/Source/on_off_sensor.o  ./zigbee_3_0/core/zcl/devices/ZHA/SmartEnergy/Source/smart_plug.o  ./zigbee_3_0/core/zcl/devices/ZHA/SecurityAndSafety/Source/ancillary_control_equipment.o ./zigbee_3_0/core/zcl/devices/ZHA/SecurityAndSafety/Source/control_and_indicating_equipment.o ./zigbee_3_0/core/zcl/devices/ZHA/SecurityAndSafety/Source/warning_device.o ./zigbee_3_0/core/zcl/devices/ZHA/SecurityAndSafety/Source/zone.o  ./zigbee_3_0/core/zcl/devices/ZHA/HVAC/Source/temperature_sensor.o ./zigbee_3_0/core/zcl/devices/ZHA/HVAC/Source/thermostat_device.o  ./zigbee_3_0/core/zcl/devices/ZHA/Generic/Source/base_device.o ./zigbee_3_0/core/zcl/devices/ZHA/Generic/Source/mains_power_outlet.o ./zigbee_3_0/core/zcl/devices/ZHA/Generic/Source/on_off_output.o ./zigbee_3_0/core/zcl/devices/ZHA/Generic/Source/remote_control.o ./zigbee_3_0/core/zcl/devices/ZHA/Generic/Source/simple_sensor.o  ./zigbee_3_0/core/zcl/devices/ZHA/Closures/Source/door_lock.o ./zigbee_3_0/core/zcl/devices/ZHA/Closures/Source/door_lock_controller.o  ./zigbee_3_0/core/zcl/devices/ZHA/ApplianceManagement/Source/home_gateway.o ./zigbee_3_0/core/zcl/devices/ZHA/ApplianceManagement/Source/white_goods.o  ./zigbee_3_0/core/zcl/devices/ZGP/Source/gp.o  ./zigbee_3_0/core/zcl/clusters/SmartEnergy/Source/DRLC.o ./zigbee_3_0/core/zcl/clusters/SmartEnergy/Source/DRLCCommandCanceAlllLoadControlEvents.o ./zigbee_3_0/core/zcl/clusters/SmartEnergy/Source/DRLCCommandCancelLoadControlEvent.o ./zigbee_3_0/core/zcl/clusters/SmartEnergy/Source/DRLCCommandGetScheduledEvents.o ./zigbee_3_0/core/zcl/clusters/SmartEnergy/Source/DRLCCommandHandler.o ./zigbee_3_0/core/zcl/clusters/SmartEnergy/Source/DRLCCommandLoadControlEvent.o ./zigbee_3_0/core/zcl/clusters/SmartEnergy/Source/DRLCCommandReportEventStatus.o ./zigbee_3_0/core/zcl/clusters/SmartEnergy/Source/DRLCCustomCommandResponsesClient.o ./zigbee_3_0/core/zcl/clusters/SmartEnergy/Source/DRLCCustomCommandResponsesServer.o ./zigbee_3_0/core/zcl/clusters/SmartEnergy/Source/DRLCEffectiveTime.o ./zigbee_3_0/core/zcl/clusters/SmartEnergy/Source/DRLCScheduler.o ./zigbee_3_0/core/zcl/clusters/SmartEnergy/Source/DRLCTableManagerNoMutex.o ./zigbee_3_0/core/zcl/clusters/SmartEnergy/Source/DRLCTableManagerServer.o ./zigbee_3_0/core/zcl/clusters/SmartEnergy/Source/DRLCUserEventOptInOut.o ./zigbee_3_0/core/zcl/clusters/SmartEnergy/Source/Price.o ./zigbee_3_0/core/zcl/clusters/SmartEnergy/Source/PriceBlockPeriodTableManager.o ./zigbee_3_0/core/zcl/clusters/SmartEnergy/Source/PriceCalorificValueTableManager.o ./zigbee_3_0/core/zcl/clusters/SmartEnergy/Source/PriceCommandGetBlockPeriod.o ./zigbee_3_0/core/zcl/clusters/SmartEnergy/Source/PriceCommandGetCalorificValue.o ./zigbee_3_0/core/zcl/clusters/SmartEnergy/Source/PriceCommandGetConversionFactor.o ./zigbee_3_0/core/zcl/clusters/SmartEnergy/Source/PriceCommandGetCurrentPrice.o ./zigbee_3_0/core/zcl/clusters/SmartEnergy/Source/PriceCommandGetScheduledPrices.o ./zigbee_3_0/core/zcl/clusters/SmartEnergy/Source/PriceCommandPriceAck.o ./zigbee_3_0/core/zcl/clusters/SmartEnergy/Source/PriceCommandPublishBlockPeriod.o ./zigbee_3_0/core/zcl/clusters/SmartEnergy/Source/PriceCommandPublishBlockPeriodReceive.o ./zigbee_3_0/core/zcl/clusters/SmartEnergy/Source/PriceCommandPublishCalorificValue.o ./zigbee_3_0/core/zcl/clusters/SmartEnergy/Source/PriceCommandPublishCalorificValueReceive.o ./zigbee_3_0/core/zcl/clusters/SmartEnergy/Source/PriceCommandPublishConversionFactor.o ./zigbee_3_0/core/zcl/clusters/SmartEnergy/Source/PriceCommandPublishConversionFactorReceive.o ./zigbee_3_0/core/zcl/clusters/SmartEnergy/Source/PriceCommandPublishPrice.o ./zigbee_3_0/core/zcl/clusters/SmartEnergy/Source/PriceCommandPublishPriceReceive.o ./zigbee_3_0/core/zcl/clusters/SmartEnergy/Source/PriceConversionFactorTableManager.o ./zigbee_3_0/core/zcl/clusters/SmartEnergy/Source/PriceCustomCommandHandler.o ./zigbee_3_0/core/zcl/clusters/SmartEnergy/Source/PriceCustomCommandResponses.o ./zigbee_3_0/core/zcl/clusters/SmartEnergy/Source/PriceScheduler.o ./zigbee_3_0/core/zcl/clusters/SmartEnergy/Source/PriceServerAttributeManager.o ./zigbee_3_0/core/zcl/clusters/SmartEnergy/Source/PriceTableManager.o ./zigbee_3_0/core/zcl/clusters/SmartEnergy/Source/SimpleMetering.o ./zigbee_3_0/core/zcl/clusters/SmartEnergy/Source/SimpleMeteringCommandHandler.o ./zigbee_3_0/core/zcl/clusters/SmartEnergy/Source/SimpleMetering_SendRequest.o  ./zigbee_3_0/core/zcl/clusters/SecurityAndSafety/Source/IASACE.o ./zigbee_3_0/core/zcl/clusters/SecurityAndSafety/Source/IASACEClientCommands.o ./zigbee_3_0/core/zcl/clusters/SecurityAndSafety/Source/IASACECommandHandler.o ./zigbee_3_0/core/zcl/clusters/SecurityAndSafety/Source/IASACEServerCommands.o ./zigbee_3_0/core/zcl/clusters/SecurityAndSafety/Source/IASWD.o ./zigbee_3_0/core/zcl/clusters/SecurityAndSafety/Source/IASWDCommandHandler.o ./zigbee_3_0/core/zcl/clusters/SecurityAndSafety/Source/IASWDCommands.o ./zigbee_3_0/core/zcl/clusters/SecurityAndSafety/Source/IASZone.o ./zigbee_3_0/core/zcl/clusters/SecurityAndSafety/Source/IASZoneCommandHandler.o ./zigbee_3_0/core/zcl/clusters/SecurityAndSafety/Source/IASZoneCommands.o  ./zigbee_3_0/core/zcl/clusters/OTA/Source/OTA.o ./zigbee_3_0/core/zcl/clusters/OTA/Source/OTA_ClientUpgradeManager.o ./zigbee_3_0/core/zcl/clusters/OTA/Source/OTA_CustomCommandHandler.o ./zigbee_3_0/core/zcl/clusters/OTA/Source/OTA_CustomReceiveCommands.o ./zigbee_3_0/core/zcl/clusters/OTA/Source/OTA_ServerUpgradeManager.o ./zigbee_3_0/core/zcl/clusters/OTA/Source/OTA_client.o ./zigbee_3_0/core/zcl/clusters/OTA/Source/OTA_common.o ./zigbee_3_0/core/zcl/clusters/OTA/Source/OTA_server.o  ./zigbee_3_0/core/zcl/clusters/MeasurementAndSensing/Source/ConcentrationMeasurement.o ./zigbee_3_0/core/zcl/clusters/MeasurementAndSensing/Source/ElectricalMeasurement.o ./zigbee_3_0/core/zcl/clusters/MeasurementAndSensing/Source/FlowMeasurement.o ./zigbee_3_0/core/zcl/clusters/MeasurementAndSensing/Source/IlluminanceLevelSensing.o ./zigbee_3_0/core/zcl/clusters/MeasurementAndSensing/Source/IlluminanceMeasurement.o ./zigbee_3_0/core/zcl/clusters/MeasurementAndSensing/Source/OccupancySensing.o ./zigbee_3_0/core/zcl/clusters/MeasurementAndSensing/Source/PressureMeasurement.o ./zigbee_3_0/core/zcl/clusters/MeasurementAndSensing/Source/RelativeHumidityMeasurement.o ./zigbee_3_0/core/zcl/clusters/MeasurementAndSensing/Source/TemperatureMeasurement.o  ./zigbee_3_0/core/zcl/clusters/Lighting/Source/BallastConfiguration.o ./zigbee_3_0/core/zcl/clusters/Lighting/Source/ColourControl.o ./zigbee_3_0/core/zcl/clusters/Lighting/Source/ColourControlClientCommands.o ./zigbee_3_0/core/zcl/clusters/Lighting/Source/ColourControlCommandHandler.o ./zigbee_3_0/core/zcl/clusters/Lighting/Source/ColourControlConversions.o  ./zigbee_3_0/core/zcl/clusters/HVAC/Source/Thermostat.o ./zigbee_3_0/core/zcl/clusters/HVAC/Source/ThermostatCommandHandler.o ./zigbee_3_0/core/zcl/clusters/HVAC/Source/ThermostatCommands.o ./zigbee_3_0/core/zcl/clusters/HVAC/Source/ThermostatUIConfig.o  ./zigbee_3_0/core/zcl/clusters/GreenPower/Source/GreenPower.o ./zigbee_3_0/core/zcl/clusters/GreenPower/Source/GreenPowerCommissioningNotification.o ./zigbee_3_0/core/zcl/clusters/GreenPower/Source/GreenPowerCommon.o ./zigbee_3_0/core/zcl/clusters/GreenPower/Source/GreenPowerCustomCommandHandler.o ./zigbee_3_0/core/zcl/clusters/GreenPower/Source/GreenPowerCustomCommandResponses.o ./zigbee_3_0/core/zcl/clusters/GreenPower/Source/GreenPowerDataIndication.o ./zigbee_3_0/core/zcl/clusters/GreenPower/Source/GreenPowerDirectCommandHandler.o ./zigbee_3_0/core/zcl/clusters/GreenPower/Source/GreenPowerNotification.o ./zigbee_3_0/core/zcl/clusters/GreenPower/Source/GreenPowerPairing.o ./zigbee_3_0/core/zcl/clusters/GreenPower/Source/GreenPowerPairingConfiguration.o ./zigbee_3_0/core/zcl/clusters/GreenPower/Source/GreenPowerPairingSearch.o ./zigbee_3_0/core/zcl/clusters/GreenPower/Source/GreenPowerProxyCommissioningMode.o ./zigbee_3_0/core/zcl/clusters/GreenPower/Source/GreenPowerProxyGPDHandler.o ./zigbee_3_0/core/zcl/clusters/GreenPower/Source/GreenPowerProxyTableRequest.o ./zigbee_3_0/core/zcl/clusters/GreenPower/Source/GreenPowerProxyTableResponse.o ./zigbee_3_0/core/zcl/clusters/GreenPower/Source/GreenPowerResponse.o ./zigbee_3_0/core/zcl/clusters/GreenPower/Source/GreenPowerScheduler.o ./zigbee_3_0/core/zcl/clusters/GreenPower/Source/GreenPowerSinkTableRequest.o ./zigbee_3_0/core/zcl/clusters/GreenPower/Source/GreenPowerSinkTableResponse.o ./zigbee_3_0/core/zcl/clusters/GreenPower/Source/GreenPowerTranslationTableRequest.o ./zigbee_3_0/core/zcl/clusters/GreenPower/Source/GreenPowerTranslationTableResponse.o ./zigbee_3_0/core/zcl/clusters/GreenPower/Source/GreenPowerTranslationTableUpdate.o  ./zigbee_3_0/core/zcl/clusters/General/Source/Alarms.o ./zigbee_3_0/core/zcl/clusters/General/Source/AlarmsClientCommands.o ./zigbee_3_0/core/zcl/clusters/General/Source/AlarmsCommandHandler.o ./zigbee_3_0/core/zcl/clusters/General/Source/AlarmsServerCommands.o ./zigbee_3_0/core/zcl/clusters/General/Source/AlarmsTableManager.o ./zigbee_3_0/core/zcl/clusters/General/Source/AnalogInputBasic.o ./zigbee_3_0/core/zcl/clusters/General/Source/AnalogOutputBasic.o ./zigbee_3_0/core/zcl/clusters/General/Source/Basic.o ./zigbee_3_0/core/zcl/clusters/General/Source/BasicClientCommands.o ./zigbee_3_0/core/zcl/clusters/General/Source/BasicCommandHandler.o ./zigbee_3_0/core/zcl/clusters/General/Source/BinaryInputBasic.o ./zigbee_3_0/core/zcl/clusters/General/Source/BinaryOutputBasic.o ./zigbee_3_0/core/zcl/clusters/General/Source/DeviceTemperatureConfiguration.o ./zigbee_3_0/core/zcl/clusters/General/Source/Diagnostics.o ./zigbee_3_0/core/zcl/clusters/General/Source/Groups.o ./zigbee_3_0/core/zcl/clusters/General/Source/GroupsClientCommands.o ./zigbee_3_0/core/zcl/clusters/General/Source/GroupsCommandHandler.o ./zigbee_3_0/core/zcl/clusters/General/Source/GroupsServerCommands.o ./zigbee_3_0/core/zcl/clusters/General/Source/GroupsTableManager.o ./zigbee_3_0/core/zcl/clusters/General/Source/Identify.o ./zigbee_3_0/core/zcl/clusters/General/Source/IdentifyClientCommands.o ./zigbee_3_0/core/zcl/clusters/General/Source/IdentifyCommandHandler.o ./zigbee_3_0/core/zcl/clusters/General/Source/IdentifyServerCommands.o ./zigbee_3_0/core/zcl/clusters/General/Source/LevelControl.o ./zigbee_3_0/core/zcl/clusters/General/Source/LevelControlClientCommands.o ./zigbee_3_0/core/zcl/clusters/General/Source/LevelControlCommandHandler.o ./zigbee_3_0/core/zcl/clusters/General/Source/MultistateInputBasic.o ./zigbee_3_0/core/zcl/clusters/General/Source/MultistateOutputBasic.o ./zigbee_3_0/core/zcl/clusters/General/Source/OOSC.o ./zigbee_3_0/core/zcl/clusters/General/Source/OnOff.o ./zigbee_3_0/core/zcl/clusters/General/Source/OnOffCommandHandler.o ./zigbee_3_0/core/zcl/clusters/General/Source/OnOffCommands.o ./zigbee_3_0/core/zcl/clusters/General/Source/PollControl.o ./zigbee_3_0/core/zcl/clusters/General/Source/PollControlClientCommands.o ./zigbee_3_0/core/zcl/clusters/General/Source/PollControlCommandHandler.o ./zigbee_3_0/core/zcl/clusters/General/Source/PollControlServerCommands.o ./zigbee_3_0/core/zcl/clusters/General/Source/PowerConfiguration.o ./zigbee_3_0/core/zcl/clusters/General/Source/PowerProfile.o ./zigbee_3_0/core/zcl/clusters/General/Source/PowerProfileClientCommands.o ./zigbee_3_0/core/zcl/clusters/General/Source/PowerProfileCommandHandler.o ./zigbee_3_0/core/zcl/clusters/General/Source/PowerProfileServerCommands.o ./zigbee_3_0/core/zcl/clusters/General/Source/Scenes.o ./zigbee_3_0/core/zcl/clusters/General/Source/ScenesClientCommands.o ./zigbee_3_0/core/zcl/clusters/General/Source/ScenesClusterManagement.o ./zigbee_3_0/core/zcl/clusters/General/Source/ScenesCommandHandler.o ./zigbee_3_0/core/zcl/clusters/General/Source/ScenesServerCommands.o ./zigbee_3_0/core/zcl/clusters/General/Source/ScenesTableManager.o ./zigbee_3_0/core/zcl/clusters/General/Source/TC.o ./zigbee_3_0/core/zcl/clusters/General/Source/Time.o  ./zigbee_3_0/core/zcl/clusters/Commissioning/Source/Commissioning.o ./zigbee_3_0/core/zcl/clusters/Commissioning/Source/CommissioningClientCommands.o ./zigbee_3_0/core/zcl/clusters/Commissioning/Source/CommissioningCmdHandler.o ./zigbee_3_0/core/zcl/clusters/Commissioning/Source/CommissioningServerCommands.o ./zigbee_3_0/core/zcl/clusters/Commissioning/Source/zll_CommissionCmdHandler.o ./zigbee_3_0/core/zcl/clusters/Commissioning/Source/zll_UtilityCmdHandler.o ./zigbee_3_0/core/zcl/clusters/Commissioning/Source/zll_commission.o ./zigbee_3_0/core/zcl/clusters/Commissioning/Source/zll_utility.o  ./zigbee_3_0/core/zcl/clusters/Closures/Source/DoorLock.o ./zigbee_3_0/core/zcl/clusters/Closures/Source/DoorLockCommandHandler.o ./zigbee_3_0/core/zcl/clusters/Closures/Source/DoorLockCommands.o  ./zigbee_3_0/core/zcl/clusters/ApplianceManagement/Source/ApplianceControl.o ./zigbee_3_0/core/zcl/clusters/ApplianceManagement/Source/ApplianceControlClientCommands.o ./zigbee_3_0/core/zcl/clusters/ApplianceManagement/Source/ApplianceControlCommandHandler.o ./zigbee_3_0/core/zcl/clusters/ApplianceManagement/Source/ApplianceControlServerCommands.o ./zigbee_3_0/core/zcl/clusters/ApplianceManagement/Source/ApplianceEventsAndAlerts.o ./zigbee_3_0/core/zcl/clusters/ApplianceManagement/Source/ApplianceEventsAndAlertsClientCommands.o ./zigbee_3_0/core/zcl/clusters/ApplianceManagement/Source/ApplianceEventsAndAlertsCommandHandler.o ./zigbee_3_0/core/zcl/clusters/ApplianceManagement/Source/ApplianceEventsAndAlertsServerCommands.o ./zigbee_3_0/core/zcl/clusters/ApplianceManagement/Source/ApplianceIdentification.o ./zigbee_3_0/core/zcl/clusters/ApplianceManagement/Source/ApplianceStatistics.o ./zigbee_3_0/core/zcl/clusters/ApplianceManagement/Source/ApplianceStatisticsClientCommands.o ./zigbee_3_0/core/zcl/clusters/ApplianceManagement/Source/ApplianceStatisticsCommandHandler.o ./zigbee_3_0/core/zcl/clusters/ApplianceManagement/Source/ApplianceStatisticsServerCommands.o  ./zigbee_3_0/core/zcif/source/dlist.o ./zigbee_3_0/core/zcif/source/zcl.o ./zigbee_3_0/core/zcif/source/zcl_CustomCommandReceive.o ./zigbee_3_0/core/zcif/source/zcl_CustomCommandSend.o ./zigbee_3_0/core/zcif/source/zcl_PDUbufferReadWrite.o ./zigbee_3_0/core/zcif/source/zcl_PDUbufferReadWriteString.o ./zigbee_3_0/core/zcif/source/zcl_WriteAttributesRequestHandle.o ./zigbee_3_0/core/zcif/source/zcl_WriteAttributesRequestSend.o ./zigbee_3_0/core/zcif/source/zcl_WriteAttributesResponseHandle.o ./zigbee_3_0/core/zcif/source/zcl_attribute.o ./zigbee_3_0/core/zcif/source/zcl_buffer.o ./zigbee_3_0/core/zcif/source/zcl_clusterCommand.o ./zigbee_3_0/core/zcif/source/zcl_command.o ./zigbee_3_0/core/zcif/source/zcl_common.o ./zigbee_3_0/core/zcif/source/zcl_configureReportingCommandHandle.o ./zigbee_3_0/core/zcif/source/zcl_configureReportingCommandSend.o ./zigbee_3_0/core/zcif/source/zcl_configureReportingResponseHandle.o ./zigbee_3_0/core/zcif/source/zcl_defaultResponse.o ./zigbee_3_0/core/zcif/source/zcl_discoverAttributesExtendedRequestHandle.o ./zigbee_3_0/core/zcif/source/zcl_discoverAttributesExtendedRequestSend.o ./zigbee_3_0/core/zcif/source/zcl_discoverAttributesExtendedResponseHandle.o ./zigbee_3_0/core/zcif/source/zcl_discoverAttributesRequestHandle.o ./zigbee_3_0/core/zcif/source/zcl_discoverAttributesRequestSend.o ./zigbee_3_0/core/zcif/source/zcl_discoverAttributesResponseHandle.o ./zigbee_3_0/core/zcif/source/zcl_discoverCommandsRequestHandle.o ./zigbee_3_0/core/zcif/source/zcl_discoverCommandsRequestSend.o ./zigbee_3_0/core/zcif/source/zcl_discoverCommandsResponseHandle.o ./zigbee_3_0/core/zcif/source/zcl_event.o ./zigbee_3_0/core/zcif/source/zcl_heap.o ./zigbee_3_0/core/zcif/source/zcl_library_options.o ./zigbee_3_0/core/zcif/source/zcl_readAttributesRequestHandle.o ./zigbee_3_0/core/zcif/source/zcl_readAttributesRequestSend.o ./zigbee_3_0/core/zcif/source/zcl_readAttributesResponseHandle.o ./zigbee_3_0/core/zcif/source/zcl_readReportingConfigurationCommandHandle.o ./zigbee_3_0/core/zcif/source/zcl_readReportingConfigurationCommandSend.o ./zigbee_3_0/core/zcif/source/zcl_readReportingConfigurationResponseHandle.o ./zigbee_3_0/core/zcif/source/zcl_reportManager.o ./zigbee_3_0/core/zcif/source/zcl_reportMaths.o ./zigbee_3_0/core/zcif/source/zcl_reportScheduler.o ./zigbee_3_0/core/zcif/source/zcl_reportStringHandling.o ./zigbee_3_0/core/zcif/source/zcl_reportStructure.o ./zigbee_3_0/core/zcif/source/zcl_search.o ./zigbee_3_0/core/zcif/source/zcl_timer.o ./zigbee_3_0/core/zcif/source/zcl_transmit.o  ./zigbee_3_0/core/bdb/out_of_band/bdb_DeviceCommissioning.o  ./zigbee_3_0/core/bdb/nwk_steering/bdb_ns.o  ./zigbee_3_0/core/bdb/nwk_formation/bdb_nf.o  ./zigbee_3_0/core/bdb/find_and_bind/bdb_fb_common.o ./zigbee_3_0/core/bdb/find_and_bind/bdb_fb_initiator.o ./zigbee_3_0/core/bdb/find_and_bind/bdb_fb_target.o  ./zigbee_3_0/core/bdb/common/bdb_fr.o ./zigbee_3_0/core/bdb/common/bdb_start.o ./zigbee_3_0/core/bdb/common/bdb_state_machine.o  ./zigbee_3_0/base/pdm/Source/pdm.o  ./utilities/fsl_debug_console.o  ./startup/startup_MKW41Z4.o  ./source/SerialLink.o ./source/app_Znc_cmds.o ./source/app_general_events_handler.o ./source/app_ota_server.o ./source/app_start.o ./source/app_zb_utils.o ./source/app_zcl_event_handler.o ./source/app_zcl_globals.o ./source/mtb.o ./source/semihost_hardfault.o  ./ieee_802.15.4/phy/source/MKW41Z/ASP.o ./ieee_802.15.4/phy/source/MKW41Z/MPM.o ./ieee_802.15.4/phy/source/MKW41Z/PhyISR.o ./ieee_802.15.4/phy/source/MKW41Z/PhyPacketProcessor.o ./ieee_802.15.4/phy/source/MKW41Z/PhyPlmeData.o ./ieee_802.15.4/phy/source/MKW41Z/PhyStateMachine.o ./ieee_802.15.4/phy/source/MKW41Z/PhyTime.o  ./ieee_802.15.4/mac/source/App/FsciAspCommands.o ./ieee_802.15.4/mac/source/App/FsciMacCommands.o ./ieee_802.15.4/mac/source/App/MacGlobals.o  ./freertos/croutine.o ./freertos/event_groups.o ./freertos/fsl_tickless_lptmr.o ./freertos/fsl_tickless_systick.o ./freertos/heap_4.o ./freertos/list.o ./freertos/port.o ./freertos/queue.o ./freertos/tasks.o ./freertos/timers.o  ./framework/XCVR/MKW41Z4/cfgs_kw4x_3x_2x/fsl_xcvr_ant_config.o ./framework/XCVR/MKW41Z4/cfgs_kw4x_3x_2x/fsl_xcvr_ble_config.o ./framework/XCVR/MKW41Z4/cfgs_kw4x_3x_2x/fsl_xcvr_common_config.o ./framework/XCVR/MKW41Z4/cfgs_kw4x_3x_2x/fsl_xcvr_gfsk_bt_0p3_h_0p5_config.o ./framework/XCVR/MKW41Z4/cfgs_kw4x_3x_2x/fsl_xcvr_gfsk_bt_0p5_h_0p32_config.o ./framework/XCVR/MKW41Z4/cfgs_kw4x_3x_2x/fsl_xcvr_gfsk_bt_0p5_h_0p5_config.o ./framework/XCVR/MKW41Z4/cfgs_kw4x_3x_2x/fsl_xcvr_gfsk_bt_0p5_h_0p7_config.o ./framework/XCVR/MKW41Z4/cfgs_kw4x_3x_2x/fsl_xcvr_gfsk_bt_0p5_h_1p0_config.o ./framework/XCVR/MKW41Z4/cfgs_kw4x_3x_2x/fsl_xcvr_gfsk_bt_0p7_h_0p5_config.o ./framework/XCVR/MKW41Z4/cfgs_kw4x_3x_2x/fsl_xcvr_mode_datarate_config.o ./framework/XCVR/MKW41Z4/cfgs_kw4x_3x_2x/fsl_xcvr_msk_config.o ./framework/XCVR/MKW41Z4/cfgs_kw4x_3x_2x/fsl_xcvr_zgbe_config.o  ./framework/XCVR/MKW41Z4/dbg_ram_capture.o ./framework/XCVR/MKW41Z4/fsl_xcvr.o ./framework/XCVR/MKW41Z4/fsl_xcvr_trim.o ./framework/XCVR/MKW41Z4/ifr_radio.o  ./framework/TimersManager/Source/TMR_Adapter.o ./framework/TimersManager/Source/TimersManager.o  ./framework/SerialManager/Source/UART_Adapter/UART_Adapter.o  ./framework/SerialManager/Source/SPI_Adapter/SPI_Adapter.o  ./framework/SerialManager/Source/I2C_Adapter/I2C_Adapter.o  ./framework/SerialManager/Source/SerialManager.o  ./framework/SecLib/SecLib.o  ./framework/Reset/Reset.o  ./framework/RNG/Source/RNG.o  ./framework/Panic/Source/Panic.o  ./framework/OtaSupport/Source/OtaSupport.o  ./framework/OSAbstraction/Source/fsl_os_abstraction_free_rtos.o  ./framework/NVM/Source/NV_Flash.o ./framework/NVM/Source/NV_FsciCommands.o  ./framework/ModuleInfo/ModuleInfo.o  ./framework/Messaging/Source/Messaging.o  ./framework/MemManager/Source/MemManager.o  ./framework/MWSCoexistence/Source/MWS.o  ./framework/LowPower/Source/MKW41Z/PWR.o ./framework/LowPower/Source/MKW41Z/PWRLib.o  ./framework/Lists/GenericList.o  ./framework/LED/Source/LED.o  ./framework/Keyboard/Source/Keyboard.o  ./framework/GPIO/GPIO_Adapter.o  ./framework/FunctionLib/FunctionLib.o  ./framework/Flash/Internal/Flash_Adapter.o  ./framework/Flash/External/Source/Eeprom_AT26DF081A.o ./framework/Flash/External/Source/Eeprom_AT45DB021E.o ./framework/Flash/External/Source/Eeprom_AT45DB041E.o ./framework/Flash/External/Source/Eeprom_AT45DB161E.o ./framework/Flash/External/Source/Eeprom_InternalFlash.o  ./framework/FSCI/Source/FsciCommands.o ./framework/FSCI/Source/FsciCommunication.o ./framework/FSCI/Source/FsciLogging.o ./framework/FSCI/Source/FsciMain.o  ./framework/DCDC/Source/DCDC.o  ./drivers/fsl_adc16.o ./drivers/fsl_clock.o ./drivers/fsl_common.o ./drivers/fsl_cop.o ./drivers/fsl_dspi.o ./drivers/fsl_dspi_freertos.o ./drivers/fsl_flash.o ./drivers/fsl_gpio.o ./drivers/fsl_i2c.o ./drivers/fsl_i2c_freertos.o ./drivers/fsl_llwu.o ./drivers/fsl_lptmr.o ./drivers/fsl_lpuart.o ./drivers/fsl_lpuart_freertos.o ./drivers/fsl_ltc.o ./drivers/fsl_pmc.o ./drivers/fsl_rcm.o ./drivers/fsl_rtc.o ./drivers/fsl_smc.o ./drivers/fsl_tpm.o ./drivers/fsl_trng.o ./drivers/fsl_tsi_v4.o  ./board/board.o ./board/clock_config.o ./board/gpio_pins.o ./board/pin_mux.o  ./CMSIS/system_MKW41Z4.o   -lm -lc -lgcc -lnosys -l_crypto_m0 -l802.15.4_mac_zp_cm0 -l_zps_cm0
Memory region         Used Size  Region Size  %age Used
    TEXT_region1:         192 B         1 KB     18.75%
m_flash_config_region:          16 B         16 B    100.00%
    TEXT_region2:      254780 B     455663 B     55.91%
      NVM_region:       65535 B      65535 B    100.00%
    DATA1_region:          0 GB        32 KB      0.00%
    DATA2_region:       41504 B        96 KB     42.22%
PRODUCT_INFO_region:          0 GB       2047 B      0.00%
Finished building target: black_box_wireless_examples_zigbee_3_0_zb_fsci_black_box_freertos.axf
 
make --no-print-directory post-build
Performing post-build steps
arm-none-eabi-size "black_box_wireless_examples_zigbee_3_0_zb_fsci_black_box_freertos.axf"; # arm-none-eabi-objcopy -v -O binary "black_box_wireless_examples_zigbee_3_0_zb_fsci_black_box_freertos.axf" "black_box_wireless_examples_zigbee_3_0_zb_fsci_black_box_freertos.bin" ; # checksum -p MKW41Z512xxx4 -d "black_box_wireless_examples_zigbee_3_0_zb_fsci_black_box_freertos.bin";
   text	   data	    bss	    dec	    hex	filename
 254976	  69015	  38032	 362023	  58627	black_box_wireless_examples_zigbee_3_0_zb_fsci_black_box_freertos.axf
 

16:38:36 Build Finished. 0 errors, 0 warnings. (took 4s.549ms)

